------------------------------------------------------------
Timing Analyzer Summary
------------------------------------------------------------

Type  : Slow 1100mV 85C Model Setup 'clk'
Slack : -0.986
TNS   : -7.919

Type  : Slow 1100mV 85C Model Hold 'clk'
Slack : 0.335
TNS   : 0.000

Type  : Slow 1100mV 85C Model Minimum Pulse Width 'clk'
Slack : 2.608
TNS   : 0.000

Type  : Slow 1100mV 0C Model Setup 'clk'
Slack : -0.904
TNS   : -7.207

Type  : Slow 1100mV 0C Model Hold 'clk'
Slack : 0.312
TNS   : 0.000

Type  : Slow 1100mV 0C Model Minimum Pulse Width 'clk'
Slack : 2.526
TNS   : 0.000

Type  : Fast 1100mV 85C Model Setup 'clk'
Slack : 1.941
TNS   : 0.000

Type  : Fast 1100mV 85C Model Hold 'clk'
Slack : 0.174
TNS   : 0.000

Type  : Fast 1100mV 85C Model Minimum Pulse Width 'clk'
Slack : 2.923
TNS   : 0.000

Type  : Fast 1100mV 0C Model Setup 'clk'
Slack : 1.964
TNS   : 0.000

Type  : Fast 1100mV 0C Model Hold 'clk'
Slack : 0.159
TNS   : 0.000

Type  : Fast 1100mV 0C Model Minimum Pulse Width 'clk'
Slack : 2.913
TNS   : 0.000

------------------------------------------------------------
