------------------------------------------------------------
Timing Analyzer Summary
------------------------------------------------------------

Type  : Slow 1100mV 85C Model Setup 'clk'
Slack : -7.462
TNS   : -1472.599

Type  : Slow 1100mV 85C Model Hold 'clk'
Slack : 0.250
TNS   : 0.000

Type  : Slow 1100mV 85C Model Minimum Pulse Width 'clk'
Slack : 0.364
TNS   : 0.000

Type  : Slow 1100mV 0C Model Setup 'clk'
Slack : -7.449
TNS   : -1451.049

Type  : Slow 1100mV 0C Model Hold 'clk'
Slack : 0.176
TNS   : 0.000

Type  : Slow 1100mV 0C Model Minimum Pulse Width 'clk'
Slack : 0.364
TNS   : 0.000

Type  : Fast 1100mV 85C Model Setup 'clk'
Slack : -2.387
TNS   : -253.628

Type  : Fast 1100mV 85C Model Hold 'clk'
Slack : 0.113
TNS   : 0.000

Type  : Fast 1100mV 85C Model Minimum Pulse Width 'clk'
Slack : 0.802
TNS   : 0.000

Type  : Fast 1100mV 0C Model Setup 'clk'
Slack : -2.077
TNS   : -204.740

Type  : Fast 1100mV 0C Model Hold 'clk'
Slack : 0.075
TNS   : 0.000

Type  : Fast 1100mV 0C Model Minimum Pulse Width 'clk'
Slack : 0.793
TNS   : 0.000

------------------------------------------------------------
