------------------------------------------------------------
Timing Analyzer Summary
------------------------------------------------------------

Type  : Slow 1100mV 85C Model Setup 'clk'
Slack : -1.199
TNS   : -24.662

Type  : Slow 1100mV 85C Model Hold 'clk'
Slack : 0.293
TNS   : 0.000

Type  : Slow 1100mV 85C Model Minimum Pulse Width 'clk'
Slack : 2.614
TNS   : 0.000

Type  : Slow 1100mV 0C Model Setup 'clk'
Slack : -1.099
TNS   : -21.871

Type  : Slow 1100mV 0C Model Hold 'clk'
Slack : 0.276
TNS   : 0.000

Type  : Slow 1100mV 0C Model Minimum Pulse Width 'clk'
Slack : 2.514
TNS   : 0.000

Type  : Fast 1100mV 85C Model Setup 'clk'
Slack : 1.772
TNS   : 0.000

Type  : Fast 1100mV 85C Model Hold 'clk'
Slack : 0.148
TNS   : 0.000

Type  : Fast 1100mV 85C Model Minimum Pulse Width 'clk'
Slack : 2.940
TNS   : 0.000

Type  : Fast 1100mV 0C Model Setup 'clk'
Slack : 1.795
TNS   : 0.000

Type  : Fast 1100mV 0C Model Hold 'clk'
Slack : 0.138
TNS   : 0.000

Type  : Fast 1100mV 0C Model Minimum Pulse Width 'clk'
Slack : 2.925
TNS   : 0.000

------------------------------------------------------------
