------------------------------------------------------------
Timing Analyzer Summary
------------------------------------------------------------

Type  : Slow 1100mV 85C Model Setup 'clk'
Slack : -0.362
TNS   : -0.362

Type  : Slow 1100mV 85C Model Hold 'clk'
Slack : 0.413
TNS   : 0.000

Type  : Slow 1100mV 85C Model Minimum Pulse Width 'clk'
Slack : 2.584
TNS   : 0.000

Type  : Slow 1100mV 0C Model Setup 'clk'
Slack : -0.318
TNS   : -0.318

Type  : Slow 1100mV 0C Model Hold 'clk'
Slack : 0.405
TNS   : 0.000

Type  : Slow 1100mV 0C Model Minimum Pulse Width 'clk'
Slack : 2.469
TNS   : 0.000

Type  : Fast 1100mV 85C Model Setup 'clk'
Slack : 1.848
TNS   : 0.000

Type  : Fast 1100mV 85C Model Hold 'clk'
Slack : 0.194
TNS   : 0.000

Type  : Fast 1100mV 85C Model Minimum Pulse Width 'clk'
Slack : 2.896
TNS   : 0.000

Type  : Fast 1100mV 0C Model Setup 'clk'
Slack : 1.866
TNS   : 0.000

Type  : Fast 1100mV 0C Model Hold 'clk'
Slack : 0.178
TNS   : 0.000

Type  : Fast 1100mV 0C Model Minimum Pulse Width 'clk'
Slack : 2.887
TNS   : 0.000

------------------------------------------------------------
