------------------------------------------------------------
Timing Analyzer Summary
------------------------------------------------------------

Type  : Slow 1100mV 85C Model Setup 'clk'
Slack : -0.360
TNS   : -12.434

Type  : Slow 1100mV 85C Model Hold 'clk'
Slack : 0.417
TNS   : 0.000

Type  : Slow 1100mV 85C Model Minimum Pulse Width 'clk'
Slack : 2.627
TNS   : 0.000

Type  : Slow 1100mV 0C Model Setup 'clk'
Slack : -0.269
TNS   : -7.905

Type  : Slow 1100mV 0C Model Hold 'clk'
Slack : 0.394
TNS   : 0.000

Type  : Slow 1100mV 0C Model Minimum Pulse Width 'clk'
Slack : 2.525
TNS   : 0.000

Type  : Fast 1100mV 85C Model Setup 'clk'
Slack : 1.281
TNS   : 0.000

Type  : Fast 1100mV 85C Model Hold 'clk'
Slack : 0.209
TNS   : 0.000

Type  : Fast 1100mV 85C Model Minimum Pulse Width 'clk'
Slack : 2.926
TNS   : 0.000

Type  : Fast 1100mV 0C Model Setup 'clk'
Slack : 1.356
TNS   : 0.000

Type  : Fast 1100mV 0C Model Hold 'clk'
Slack : 0.192
TNS   : 0.000

Type  : Fast 1100mV 0C Model Minimum Pulse Width 'clk'
Slack : 2.913
TNS   : 0.000

------------------------------------------------------------
