------------------------------------------------------------
Timing Analyzer Summary
------------------------------------------------------------

Type  : Slow 1100mV 85C Model Setup 'clk'
Slack : -0.617
TNS   : -0.617

Type  : Slow 1100mV 85C Model Hold 'clk'
Slack : 0.336
TNS   : 0.000

Type  : Slow 1100mV 85C Model Minimum Pulse Width 'clk'
Slack : 2.578
TNS   : 0.000

Type  : Slow 1100mV 0C Model Setup 'clk'
Slack : -0.527
TNS   : -0.527

Type  : Slow 1100mV 0C Model Hold 'clk'
Slack : 0.314
TNS   : 0.000

Type  : Slow 1100mV 0C Model Minimum Pulse Width 'clk'
Slack : 2.476
TNS   : 0.000

Type  : Fast 1100mV 85C Model Setup 'clk'
Slack : 1.509
TNS   : 0.000

Type  : Fast 1100mV 85C Model Hold 'clk'
Slack : 0.163
TNS   : 0.000

Type  : Fast 1100mV 85C Model Minimum Pulse Width 'clk'
Slack : 2.886
TNS   : 0.000

Type  : Fast 1100mV 0C Model Setup 'clk'
Slack : 1.586
TNS   : 0.000

Type  : Fast 1100mV 0C Model Hold 'clk'
Slack : 0.151
TNS   : 0.000

Type  : Fast 1100mV 0C Model Minimum Pulse Width 'clk'
Slack : 2.882
TNS   : 0.000

------------------------------------------------------------
