------------------------------------------------------------
Timing Analyzer Summary
------------------------------------------------------------

Type  : Slow 1100mV 85C Model Setup 'clk'
Slack : -2.384
TNS   : -31.492

Type  : Slow 1100mV 85C Model Hold 'clk'
Slack : 0.367
TNS   : 0.000

Type  : Slow 1100mV 85C Model Minimum Pulse Width 'clk'
Slack : 3.639
TNS   : 0.000

Type  : Slow 1100mV 0C Model Setup 'clk'
Slack : -2.390
TNS   : -30.408

Type  : Slow 1100mV 0C Model Hold 'clk'
Slack : 0.230
TNS   : 0.000

Type  : Slow 1100mV 0C Model Minimum Pulse Width 'clk'
Slack : 3.569
TNS   : 0.000

Type  : Fast 1100mV 85C Model Setup 'clk'
Slack : 0.110
TNS   : 0.000

Type  : Fast 1100mV 85C Model Hold 'clk'
Slack : 0.181
TNS   : 0.000

Type  : Fast 1100mV 85C Model Minimum Pulse Width 'clk'
Slack : 3.797
TNS   : 0.000

Type  : Fast 1100mV 0C Model Setup 'clk'
Slack : 0.169
TNS   : 0.000

Type  : Fast 1100mV 0C Model Hold 'clk'
Slack : 0.130
TNS   : 0.000

Type  : Fast 1100mV 0C Model Minimum Pulse Width 'clk'
Slack : 3.788
TNS   : 0.000

------------------------------------------------------------
