------------------------------------------------------------
Timing Analyzer Summary
------------------------------------------------------------

Type  : Slow 1100mV 85C Model Setup 'clk'
Slack : -3.002
TNS   : -71.012

Type  : Slow 1100mV 85C Model Hold 'clk'
Slack : 0.423
TNS   : 0.000

Type  : Slow 1100mV 85C Model Minimum Pulse Width 'clk'
Slack : 2.606
TNS   : 0.000

Type  : Slow 1100mV 0C Model Setup 'clk'
Slack : -3.193
TNS   : -70.948

Type  : Slow 1100mV 0C Model Hold 'clk'
Slack : 0.417
TNS   : 0.000

Type  : Slow 1100mV 0C Model Minimum Pulse Width 'clk'
Slack : 2.526
TNS   : 0.000

Type  : Fast 1100mV 85C Model Setup 'clk'
Slack : 0.615
TNS   : 0.000

Type  : Fast 1100mV 85C Model Hold 'clk'
Slack : 0.199
TNS   : 0.000

Type  : Fast 1100mV 85C Model Minimum Pulse Width 'clk'
Slack : 2.919
TNS   : 0.000

Type  : Fast 1100mV 0C Model Setup 'clk'
Slack : 0.771
TNS   : 0.000

Type  : Fast 1100mV 0C Model Hold 'clk'
Slack : 0.183
TNS   : 0.000

Type  : Fast 1100mV 0C Model Minimum Pulse Width 'clk'
Slack : 2.910
TNS   : 0.000

------------------------------------------------------------
