------------------------------------------------------------
Timing Analyzer Summary
------------------------------------------------------------

Type  : Slow 1100mV 85C Model Setup 'clk'
Slack : -5.049
TNS   : -567.961

Type  : Slow 1100mV 85C Model Hold 'clk'
Slack : 0.276
TNS   : 0.000

Type  : Slow 1100mV 85C Model Minimum Pulse Width 'clk'
Slack : 1.991
TNS   : 0.000

Type  : Slow 1100mV 0C Model Setup 'clk'
Slack : -5.041
TNS   : -569.292

Type  : Slow 1100mV 0C Model Hold 'clk'
Slack : 0.193
TNS   : 0.000

Type  : Slow 1100mV 0C Model Minimum Pulse Width 'clk'
Slack : 1.931
TNS   : 0.000

Type  : Fast 1100mV 85C Model Setup 'clk'
Slack : -0.834
TNS   : -7.476

Type  : Fast 1100mV 85C Model Hold 'clk'
Slack : 0.138
TNS   : 0.000

Type  : Fast 1100mV 85C Model Minimum Pulse Width 'clk'
Slack : 2.107
TNS   : 0.000

Type  : Fast 1100mV 0C Model Setup 'clk'
Slack : -0.775
TNS   : -5.839

Type  : Fast 1100mV 0C Model Hold 'clk'
Slack : 0.126
TNS   : 0.000

Type  : Fast 1100mV 0C Model Minimum Pulse Width 'clk'
Slack : 2.101
TNS   : 0.000

------------------------------------------------------------
