------------------------------------------------------------
Timing Analyzer Summary
------------------------------------------------------------

Type  : Slow 1100mV 85C Model Setup 'clk'
Slack : -2.030
TNS   : -59.179

Type  : Slow 1100mV 85C Model Hold 'clk'
Slack : 0.416
TNS   : 0.000

Type  : Slow 1100mV 85C Model Minimum Pulse Width 'clk'
Slack : 2.596
TNS   : 0.000

Type  : Slow 1100mV 0C Model Setup 'clk'
Slack : -2.113
TNS   : -59.563

Type  : Slow 1100mV 0C Model Hold 'clk'
Slack : 0.407
TNS   : 0.000

Type  : Slow 1100mV 0C Model Minimum Pulse Width 'clk'
Slack : 2.520
TNS   : 0.000

Type  : Fast 1100mV 85C Model Setup 'clk'
Slack : -0.065
TNS   : -0.346

Type  : Fast 1100mV 85C Model Hold 'clk'
Slack : 0.193
TNS   : 0.000

Type  : Fast 1100mV 85C Model Minimum Pulse Width 'clk'
Slack : 2.918
TNS   : 0.000

Type  : Fast 1100mV 0C Model Setup 'clk'
Slack : 0.129
TNS   : 0.000

Type  : Fast 1100mV 0C Model Hold 'clk'
Slack : 0.177
TNS   : 0.000

Type  : Fast 1100mV 0C Model Minimum Pulse Width 'clk'
Slack : 2.908
TNS   : 0.000

------------------------------------------------------------
