------------------------------------------------------------
Timing Analyzer Summary
------------------------------------------------------------

Type  : Slow 1100mV 85C Model Setup 'clk'
Slack : -0.746
TNS   : -0.746

Type  : Slow 1100mV 85C Model Hold 'clk'
Slack : 0.475
TNS   : 0.000

Type  : Slow 1100mV 85C Model Minimum Pulse Width 'clk'
Slack : 2.604
TNS   : 0.000

Type  : Slow 1100mV 0C Model Setup 'clk'
Slack : -0.656
TNS   : -0.656

Type  : Slow 1100mV 0C Model Hold 'clk'
Slack : 0.450
TNS   : 0.000

Type  : Slow 1100mV 0C Model Minimum Pulse Width 'clk'
Slack : 2.526
TNS   : 0.000

Type  : Fast 1100mV 85C Model Setup 'clk'
Slack : 1.574
TNS   : 0.000

Type  : Fast 1100mV 85C Model Hold 'clk'
Slack : 0.237
TNS   : 0.000

Type  : Fast 1100mV 85C Model Minimum Pulse Width 'clk'
Slack : 2.922
TNS   : 0.000

Type  : Fast 1100mV 0C Model Setup 'clk'
Slack : 1.615
TNS   : 0.000

Type  : Fast 1100mV 0C Model Hold 'clk'
Slack : 0.211
TNS   : 0.000

Type  : Fast 1100mV 0C Model Minimum Pulse Width 'clk'
Slack : 2.911
TNS   : 0.000

------------------------------------------------------------
