------------------------------------------------------------
Timing Analyzer Summary
------------------------------------------------------------

Type  : Slow 1100mV 85C Model Setup 'clk'
Slack : -9.343
TNS   : -1663.345

Type  : Slow 1100mV 85C Model Hold 'clk'
Slack : 0.386
TNS   : 0.000

Type  : Slow 1100mV 85C Model Minimum Pulse Width 'clk'
Slack : -0.303
TNS   : -13.029

Type  : Slow 1100mV 0C Model Setup 'clk'
Slack : -9.342
TNS   : -1637.256

Type  : Slow 1100mV 0C Model Hold 'clk'
Slack : 0.233
TNS   : 0.000

Type  : Slow 1100mV 0C Model Minimum Pulse Width 'clk'
Slack : -0.303
TNS   : -13.029

Type  : Fast 1100mV 85C Model Setup 'clk'
Slack : -3.556
TNS   : -409.624

Type  : Fast 1100mV 85C Model Hold 'clk'
Slack : 0.182
TNS   : 0.000

Type  : Fast 1100mV 85C Model Minimum Pulse Width 'clk'
Slack : 0.159
TNS   : 0.000

Type  : Fast 1100mV 0C Model Setup 'clk'
Slack : -3.226
TNS   : -348.882

Type  : Fast 1100mV 0C Model Hold 'clk'
Slack : 0.144
TNS   : 0.000

Type  : Fast 1100mV 0C Model Minimum Pulse Width 'clk'
Slack : 0.159
TNS   : 0.000

------------------------------------------------------------
