------------------------------------------------------------
Timing Analyzer Summary
------------------------------------------------------------

Type  : Slow 1100mV 85C Model Setup 'clk'
Slack : -1.719
TNS   : -39.665

Type  : Slow 1100mV 85C Model Hold 'clk'
Slack : 0.441
TNS   : 0.000

Type  : Slow 1100mV 85C Model Minimum Pulse Width 'clk'
Slack : 2.656
TNS   : 0.000

Type  : Slow 1100mV 0C Model Setup 'clk'
Slack : -1.725
TNS   : -39.996

Type  : Slow 1100mV 0C Model Hold 'clk'
Slack : 0.411
TNS   : 0.000

Type  : Slow 1100mV 0C Model Minimum Pulse Width 'clk'
Slack : 2.574
TNS   : 0.000

Type  : Fast 1100mV 85C Model Setup 'clk'
Slack : 1.330
TNS   : 0.000

Type  : Fast 1100mV 85C Model Hold 'clk'
Slack : 0.230
TNS   : 0.000

Type  : Fast 1100mV 85C Model Minimum Pulse Width 'clk'
Slack : 2.968
TNS   : 0.000

Type  : Fast 1100mV 0C Model Setup 'clk'
Slack : 1.393
TNS   : 0.000

Type  : Fast 1100mV 0C Model Hold 'clk'
Slack : 0.201
TNS   : 0.000

Type  : Fast 1100mV 0C Model Minimum Pulse Width 'clk'
Slack : 2.951
TNS   : 0.000

------------------------------------------------------------
