------------------------------------------------------------
Timing Analyzer Summary
------------------------------------------------------------

Type  : Slow 1100mV 85C Model Setup 'clk'
Slack : -0.742
TNS   : -0.742

Type  : Slow 1100mV 85C Model Hold 'clk'
Slack : 0.473
TNS   : 0.000

Type  : Slow 1100mV 85C Model Minimum Pulse Width 'clk'
Slack : 2.605
TNS   : 0.000

Type  : Slow 1100mV 0C Model Setup 'clk'
Slack : -0.663
TNS   : -0.663

Type  : Slow 1100mV 0C Model Hold 'clk'
Slack : 0.470
TNS   : 0.000

Type  : Slow 1100mV 0C Model Minimum Pulse Width 'clk'
Slack : 2.514
TNS   : 0.000

Type  : Fast 1100mV 85C Model Setup 'clk'
Slack : 1.602
TNS   : 0.000

Type  : Fast 1100mV 85C Model Hold 'clk'
Slack : 0.234
TNS   : 0.000

Type  : Fast 1100mV 85C Model Minimum Pulse Width 'clk'
Slack : 2.921
TNS   : 0.000

Type  : Fast 1100mV 0C Model Setup 'clk'
Slack : 1.664
TNS   : 0.000

Type  : Fast 1100mV 0C Model Hold 'clk'
Slack : 0.211
TNS   : 0.000

Type  : Fast 1100mV 0C Model Minimum Pulse Width 'clk'
Slack : 2.910
TNS   : 0.000

------------------------------------------------------------
