------------------------------------------------------------
Timing Analyzer Summary
------------------------------------------------------------

Type  : Slow 1100mV 85C Model Setup 'clk'
Slack : -6.642
TNS   : -1044.079

Type  : Slow 1100mV 85C Model Hold 'clk'
Slack : 0.329
TNS   : 0.000

Type  : Slow 1100mV 85C Model Minimum Pulse Width 'clk'
Slack : 1.136
TNS   : 0.000

Type  : Slow 1100mV 0C Model Setup 'clk'
Slack : -6.632
TNS   : -1031.474

Type  : Slow 1100mV 0C Model Hold 'clk'
Slack : 0.189
TNS   : 0.000

Type  : Slow 1100mV 0C Model Minimum Pulse Width 'clk'
Slack : 1.075
TNS   : 0.000

Type  : Fast 1100mV 85C Model Setup 'clk'
Slack : -1.630
TNS   : -100.337

Type  : Fast 1100mV 85C Model Hold 'clk'
Slack : 0.183
TNS   : 0.000

Type  : Fast 1100mV 85C Model Minimum Pulse Width 'clk'
Slack : 1.297
TNS   : 0.000

Type  : Fast 1100mV 0C Model Setup 'clk'
Slack : -1.353
TNS   : -59.351

Type  : Fast 1100mV 0C Model Hold 'clk'
Slack : 0.128
TNS   : 0.000

Type  : Fast 1100mV 0C Model Minimum Pulse Width 'clk'
Slack : 1.288
TNS   : 0.000

------------------------------------------------------------
